# c03 海峡横断 - 蝶ネクタイ型の両大陸。くびれの小島が足がかり
[map]
name = 海峡横断
width  = 46
height = 29
turns  = 83
timeout_winner = -1
funds0 = 2800
funds1 = 2800

[terrain]
row = ..................~~~~~~~~~~~............ww...
row = ..................~~~~~~~~~~~............ww...
row = ww......ww......~~~~~~~~~~~~~~~.....w..wwww...
row = ..ww...c.......~~~~~~~~~~~~~~~~~..............
row = ww..ww........~~~~~~~~~~~~~~~~~~~............w
row = ww..ww........~~~~~~~~~~~~~~~~~~~............w
row = ............~~~~~~~~~~~~~~~~~~~~~~~..www......
row = ........ww.~~~~~~~~~~~~~~~~~~~~~~~~~..........
row = ......w....~~~~~~~~~~~~~~~~~~~~~~~~~..........
row = ......w....~~~~~~~~~~~~~~~~~~~~~~~~~..........
row = ......w...~~~~~~~~~~~~~~~~~~~~~~~~~~~.........
row = .......p~~~~~~~~~~~~~~~~~~~~~~~~~~~~~~~p......
row = .....a.~~~~~~~~~~~~~~~~~~~~~~~~~~~~~~~~~af..w.
row = .c..a..~~~~~~~~~~~~~~~~~~~~~~~~~~~~~~~~~.ca.w.
row = ...cH.~~~~~~~~~~~~~~~~~cp~~~~~~~~~~~~~~~~H.c.w
row = ......~~~~~~~~~~~~~~~~..w~~~~~~~~~~~~~~~~.....
row = ...ff.~~~~~~~~~~~~~~~~~w.~~~~~~~~~~~~~~~~c.f..
row = .c...c~~~~~~~~~~~~~~~~~w.~~~~~~~~~~~~~~~~.....
row = ....wwp~~~~~~~~~~~~~~~~~~~~~~~~~~~~~~~~~p.....
row = ......w.~~~~~~~~~~~~~~~~~~~~~~~~~~~~~~~c.ww...
row = www.......~~~~~~~~~~~~~~~~~~~~~~~~~~~.......w.
row = www.......~~~~~~~~~~~~~~~~~~~~~~~~~~~.......w.
row = ..ww.......~~~~~~~~~~~~~~~~~~~~~~~~~.....ww..w
row = ..w........~~~~~~~~~~~~~~~~~~~~~~~~~...ww.....
row = ............~~~~~~~~~~~~~~~~~~~~~~~.....www...
row = ............~~~~~~~~~~~~~~~~~~~~~~~...c.www...
row = ...w..........~~~~~~~~~~~~~~~~~~~...........w.
row = ...........w...~~~~~~~~~~~~~~~~~..............
row = ................~~~~~~~~~~~~~~~.........w.....

[owners]
own = 4,14,0
own = 3,16,0
own = 4,16,0
own = 1,17,0
own = 5,17,0
own = 1,13,0
own = 3,14,0
own = 4,13,0
own = 5,12,0
own = 41,14,1
own = 41,12,1
own = 43,16,1
own = 41,13,1
own = 43,14,1
own = 41,16,1
own = 39,19,1
own = 42,13,1
own = 40,12,1
own = 7,11,0
own = 6,18,0
own = 39,11,1
own = 40,18,1

[units]
unit = 0,INFANTRY,5,11
unit = 0,INFANTRY,4,12
unit = 0,AT_INFANTRY,4,17
unit = 0,TANK,5,18
unit = 1,INFANTRY,42,14
unit = 1,INFANTRY,42,16
unit = 1,TANK,41,17
unit = 1,AA_TANK,41,11
unit = 0,T_SHIP,16,12
unit = 0,DESTROYER,17,18
unit = 0,GUNBOAT,14,14
unit = 0,CARRIER,13,16
unit = 0,FIGHTER,8,12
unit = 1,DESTROYER,29,11
unit = 1,CRUISER,30,12
unit = 1,FIGHTER,37,12
unit = 1,BOMBER,38,11
