# c04 首都攻略 - 南西の自軍から北東の要塞首都へ斜めに攻め上がる最終決戦。
# 元は両首都が同じ列に縦並びで盤面の左右がほぼ未使用だったため作り直した。
# 南東の湾が首都の東まで回り込むので、艦砲と上陸が最後まで噛み合う。
[map]
name             = 首都攻略
width            = 42
height           = 29
turns            = 95
timeout_winner   = -1
funds0           = 6000
funds1           = 5600

[terrain]
row = xxxxxxxxxxxxxxxxxxxxxxxxxxxxxxxxxxxxxxxxxx
row = xxxxxx..............................xxxxxx
row = xxx..............................w.....xxx
row = xx...............h.........==f^wHwww.c..xx
row = xx.....w.......hhhhh.....==.^^^^^wwfw...xx
row = xx.wwwwwwwww..hhhhhhh..=c..c^^^^^^ww....xx
row = x.wwwwwwwwwww.chhhhh.==.....^^^^^w..~~~~~x
row = x..wwwwwwwww.....h.==.........=..a..~~~~~x
row = x......w.........=c...........=.....~~~~~x
row = x...............=...^.........c....p~~~~~x
row = x.......c...h..=.^^^^^^^.....h=h....~~~~~x
row = x.........hhhh=.....^A..h...h=hhhc~~~~~~~x
row = x....w...hhhhchh......hhhhhA=hhh..~~~~~~~x
row = x..wwwww..hh=hh......hhhhhhh=.h...~~~~~~~x
row = x.wwwwwww..=h.........chhhh=...~..~~~~~~~x
row = x..wwwww..=.........rrrrrrr=P~~~~~~~~~~~~x
row = x..rrcrrrrc======rrr......=..~~~~~~~~~~~~x
row = x........=......f=======.=..~~~~~~~~~~~~~x
row = x........=...w.........==c...~~~~~~~~~~~~x
row = x..a.....=wwwwwwww....=...w..~~~~~~~~~~~~x
row = x.......w=wwwwwwwwwc==..wwwww..~..~~~~~~~x
row = x.......=wwwwwwwww.=...wwwwwcw....~~~~~~~x
row = x...f..c.....w...==.....wwwww.....~~~~~~~x
row = xx.c...=.......==....P..c.w.......~~~~~~xx
row = xx....=......==..~~~~~~~~~~~~~~~~~~~~~~~xx
row = xx...H=....==...p~~~~~~~~~~~~~~~~~~~~~~~xx
row = xxx.....f.=c.....~~~~~~~~~~~~~~~~~~~~~~xxx
row = xxxxxx...........~~~~~~~~~~~~~~~~~~~xxxxxx
row = xxxxxxxxxxxxxxxxxxxxxxxxxxxxxxxxxxxxxxxxxx

[owners]
own = 5,25,0
own = 4,22,0
own = 8,26,0
own = 3,19,0
own = 16,25,0
own = 3,23,0
own = 7,22,0
own = 11,26,0
own = 5,16,0
own = 32,3,1
own = 35,4,1
own = 29,3,1
own = 33,7,1
own = 35,9,1
own = 37,3,1
own = 30,9,1
own = 33,11,1
own = 27,5,1

[units]
unit = 0,INFANTRY,6,23
unit = 0,INFANTRY,8,24
unit = 0,AT_INFANTRY,5,21
unit = 0,MECH_INF,9,22
unit = 0,TANK,9,25
unit = 0,TANK,7,19
unit = 0,HTANK,6,26
unit = 0,ARTILLERY,4,24
unit = 0,ROCKET,3,22
unit = 0,AA_TANK,8,20
unit = 0,RECON,11,23
unit = 0,SUPPLY,4,26
unit = 0,BATTLESHIP,19,25
unit = 0,CRUISER,21,26
unit = 0,DESTROYER,18,24
unit = 0,T_SHIP,17,26
unit = 0,SUPPLY_SHIP,19,27
unit = 0,FIGHTER,4,19
unit = 0,DIVE_BOMBER,5,18
unit = 0,SCOUT_PLANE,3,21
unit = 1,INFANTRY,31,5
unit = 1,INFANTRY,33,4
unit = 1,AT_INFANTRY,30,6
unit = 1,MECH_INF,34,6
unit = 1,TANK,28,3
unit = 1,HTANK,33,6
unit = 1,ARTILLERY,34,3
unit = 1,ROCKET,36,5
unit = 1,AA_GUN,31,8
unit = 1,AA_GUN,33,2
unit = 1,AA_TANK,28,7
unit = 1,MILITIA,37,4
unit = 1,DESTROYER,37,8
unit = 1,CRUISER,38,10
unit = 1,GUNBOAT,36,11
unit = 1,FIGHTER,33,6
unit = 1,FIGHTER,34,8
unit = 1,BOMBER,35,6
