# c06 橋頭堡の死守 - 鉤型の半島。付け根を封じて先端を守り抜く
[map]
name = 橋頭堡の死守
width  = 38
height = 25
turns  = 34
timeout_winner = 0
funds0 = 1400
funds1 = 2800

[terrain]
row = ~~~~~~~~~~~~~~~~ww..~~~~~~~~~~~~~~~~~~
row = ~~~~~~~~~~~~~~~~ww..~~~~~~~~~~~~~~~~~~
row = ~~~~~~~~......p........~~~~~~~~~~~~~~~
row = ~~~~~~~~..........f.ca..~~~~~~~~~~~~~~
row = ~~~~~~~....w....wwwwH...~~~~~~~~~~~~~~
row = ~~~~~~~....w....wwaw..c.~~~~~~~~~~~~~~
row = ~~~~~~~........w........~~~~~~~~~~~~~~
row = ~~~~.c..ww.w......c.f..~~~~~~~~~~~~~~~
row = ~~~~..w.....~~~~~~~~~~~~~~~~~~~~~~~~~~
row = ~~~~..w.....~~~~~~~~~~~~~~~~~~~~~~~~~~
row = ~~~....w...~~~~~~~~~~~~~~~~~~~~~~~~~~~
row = ~~~~p......~~~~~~~~~~~~~~~~~~~~~~~~~~~
row = ~~~~.......~~~~~~~~~~~~~~~~~~~~~~~~~~~
row = ~~~~.......~~~~~~~~~~~~~~~~~~~~~~~~~~~
row = ~~~~~~.c....~~~~~~~~~~~~~~~~~~~~~~~~~~
row = ~~~~~~....w.~~~~~~~~~~~~~~~~~~~~~~~~~~
row = ~~~~~~..www.~~~~~~~~~~~~~~~~~~~~~~~~~~
row = ~~~~~~..www.~~~~~~~~~~~~~~~~~~~~~~~~~~
row = ..........w...........................
row = ...............w..w.www..www..........
row = ..w.....ww.........wwww...c.a.........
row = ..w.....ww....c....wwww...f.cH........
row = ..............w........w....fc........
row = .......w...wwww..........www....w.....
row = ........ww..ww.......ww.w.a...........

[owners]
own = 20,4,0
own = 20,7,0
own = 18,3,0
own = 22,5,0
own = 18,7,0
own = 20,3,0
own = 21,3,0
own = 18,5,0
own = 29,21,1
own = 26,21,1
own = 28,22,1
own = 29,22,1
own = 28,21,1
own = 26,20,1
own = 28,20,1
own = 26,24,1
own = 4,11,0
own = 14,2,0

[units]
unit = 0,INFANTRY,20,5
unit = 0,INFANTRY,18,4
unit = 0,AT_INFANTRY,17,4
unit = 0,ARTILLERY,17,5
unit = 0,TANK,17,7
unit = 0,DESTROYER,12,9
unit = 1,TANK,25,20
unit = 1,TANK,26,18
unit = 1,HTANK,25,18
unit = 1,INFANTRY,24,20
unit = 1,ARTILLERY,25,21
unit = 1,BOMBER,29,18
