# c11 制海権の争奪 - 東の要塞島の敵首都へ、制海権を握り上陸せよ
[map]
name = 制海権の争奪
width  = 52
height = 34
turns  = 117
timeout_winner = -1
funds0 = 5000
funds1 = 4750

[terrain]

[terrain]
row = ~~~~~~~~~~~~~~~~~~~~~~~~~~~~~~~~~~~~~~~~~~~~~~~~~~~~
row = ~~~~~~~~~~~~~~~~~~~~~~~~~~~~~~~~~~~~~~~~~~~~~~~~~~~~
row = ~~~~~~~~~~~~~~~~~~~~~~~~~~~~~~~~~~~~~~~~~~~~~~~~~~~~
row = ~~~~~~~~~~~~~~~~~~~~~~~~~~~~~~~~~~~~~~~~~~~~~~~~~~~~
row = ~~~~~~~~~~~~~~~~~~~~~~~~~~~~~~~~~~~~~~~~~~~~~~~~~~~~
row = ~~~~~~~~~~~~~~~~~~~~~~~~~~~~~~~~~~~~~~~~~~~~~~~~~~~~
row = ~~~~~~~~~~~~~~~~~~~~...w~~~~~~~~~~~~~~~~~~~~~~~~~~~~
row = ~~~~~~~~~~~~~~~~~~~.....~~~~~~...~~~~~~~~~~~~~~~~~~~
row = ~~~~~~~~~~~~~~~~~~~..a..P~~~~~....~~~~~~~~~~~~~~~~~~
row = ~~~~~~~~~~~~~~~~~~~......~~~~~....~~~~~~~~~~~~~~~~~~
row = ~~~~~~~~~~~~~~~~~~~.....~~~~~~...~~~~~~~~~~~~~~~~~~~
row = ~~~~~~~~~~~~~~~~~~~~.c..~~~~~~~~~~~~~~~~~~~........~
row = ~~~~.......~~~~~~~~~~~~~~~~~~~~~~~~~~~~~~~....w....~
row = ~~~~P......~~~~~~~~~~~~~~~~~~~~~~~~~~~~~~~p...wa..P~
row = ~~~~.......p~~~~~~~~~~~~~A....~~~~~~~~~~~~....wf....
row = ~~~....w....~~~~~~~~~~~~....c.~~~~~~~~~~~....ww.....
row = ~~~.....ww...~~~~~~~~~~~........~~~~~~~~~........c..
row = ~~....H.cca..~~~~~~~~~~......w.p~~~~~~~.......H...w.
row = ~~..f...c....~~~~~~~~~~c..c..w..~~~~~~~........c..w.
row = ~~~..........~~~~~~~~~~~.w....ww~~~~~~~~~.....w...ww
row = ~~~........p~~~~~~~~~~~~.....P~~~~~~~~~~~..c..w.c...
row = ~~~~.c.w....~~~~~~~~~~~~~.A...~~~~~~~~~~~~..........
row = ~~~~...wA...~~~~~~~~~~~~~.....~~~~~~~~~~~~..........
row = ~~~~...w...~~~~~~~~~~~~~~~~~~~~~~~~~~~~~~~...c..A..~
row = ~~~~~~~~~~~~~~~~~~~~~...~~~~~~....~~~~~~~~~........~
row = ~~~~~~~~~~~~~~~~~~~~....~~~~~P...p~~~~~~~~~~~~~~~~~~
row = ~~~~~~~~~~~~~~~~~~~~.c..~~~~~w....~~~~~~~~~~~~~~~~~~
row = ~~~~~~~~~~~~~~~~~~~~~...~~~~~.......~~~~~~~~~~~~~~~~
row = ~~~~~~~~~~~~~~~~~~~~~~~~~~~~~A..c.~~~~~~~~~~~~~~~~~~
row = ~~~~~~~~~~~~~~~~~~~~~~~~~~~~~~....~~~~~~~~~~~~~~~~~~
row = ~~~~~~~~~~~~~~~~~~~~~~~~~~~~~~....~~~~~~~~~~~~~~~~~~
row = ~~~~~~~~~~~~~~~~~~~~~~~~~~~~~~~~~~~~~~~~~~~~~~~~~~~~
row = ~~~~~~~~~~~~~~~~~~~~~~~~~~~~~~~~~~~~~~~~~~~~~~~~~~~~
row = ~~~~~~~~~~~~~~~~~~~~~~~~~~~~~~~~~~~~~~~~~~~~~~~~~~~~

[owners]
own = 4,13,0
own = 4,18,0
own = 5,21,0
own = 6,17,0
own = 8,17,0
own = 8,18,0
own = 8,22,0
own = 9,17,0
own = 10,17,0
own = 11,14,0
own = 11,20,0
own = 42,13,1
own = 43,20,1
own = 45,23,1
own = 46,17,1
own = 47,13,1
own = 47,14,1
own = 47,18,1
own = 48,20,1
own = 48,23,1
own = 49,16,1
own = 50,13,1

[units]
unit = 0,BATTLESHIP,13,17
unit = 0,CARRIER,12,14
unit = 0,CRUISER,12,20
unit = 0,DESTROYER,13,13
unit = 0,DESTROYER,13,21
unit = 0,SUBMARINE,14,16
unit = 0,GUNBOAT,14,21
unit = 0,SUPPLY_SHIP,13,18
unit = 0,T_SHIP,12,21
unit = 0,T_SHIP,12,22
unit = 0,FIGHTER,8,16
unit = 0,DIVE_BOMBER,9,16
unit = 0,FIGHTER,8,14
unit = 0,INFANTRY,6,18
unit = 0,INFANTRY,5,17
unit = 0,AT_INFANTRY,5,18
unit = 0,TANK,5,20
unit = 0,MECH_INF,6,20
unit = 0,AA_TANK,9,18
unit = 1,BATTLESHIP,39,16
unit = 1,CRUISER,38,20
unit = 1,DESTROYER,38,14
unit = 1,SUBMARINE,36,18
unit = 1,MISSILE_BOAT,36,14
unit = 1,GUNBOAT,38,13
unit = 1,FIGHTER,44,18
unit = 1,BOMBER,46,18
unit = 1,INFANTRY,46,16
unit = 1,AT_INFANTRY,47,16
unit = 1,AA_TANK,46,14
unit = 1,ARTILLERY,44,14
