# c12 敵首都上陸 - 西の海から東岸の敵首都へ。史上最大の上陸作戦
[map]
name = 敵首都上陸
width  = 57
height = 34
turns  = 125
timeout_winner = -1
funds0 = 5600
funds1 = 5250

[terrain]

[terrain]
row = ~~~~~~~~~~~~~~~~~~~~~~~~~~~~~~~~...ww..ww.........w...ww.
row = ~~~~~~~~~~~~~~~~~~~~~~~~~~~~~~~~...ww..ww.........w...ww.
row = ~~~~~~~~~~~~~~~~~~~~~~~~~~~~~~~~....................www..
row = ~~~~~~~~~~~~~~~~~~~~~~~~~~~~~~~~r.................w......
row = ~~~~~~~~~~~~~~~~~~~~~~~~~~~~~~~~.........................
row = ~~~~~~~~~~~~~~~~~~~~~~~~~~~~~~~~..........c..............
row = ~~~~~~~~~~~~~~~~~~~~~~~~~~~~~~~~r..ww..ww...............w
row = ~~~~~~~~~~~~~~~~~~~~~~~~~~~~~~~~r....w..........c........
row = ~~~~~~~~~~~~~~~~~~~~~....~~~~~~~.r.......................
row = ~~~~~~~~~~~~~~~~~~~~~...p~~~~~~~.r..c........A...........
row = ~~~~~~~~~~~~~~~~~~~~.....~~~~~~~.r........w..............
row = ~~~~~~~~~~~~~~~~~~~~.c....~~~~~~..r............w.........
row = ~~~~~~.wwww.~~~~~~~~.....~~~~~~~P.r......................
row = ~~~~~~Pwwww.~~~~~~~~.....~~~~~~~..r.................c....
row = ~~~~~~..ww..p~~~~~~~~P..w~~~~~~~.wr................f..c..
row = ~~~~.......w.~~~~~~~~~~~~~~~~~~~.r...c...w...............
row = ~~~~ww......w..~~~~~~~~~~~~~~~~~.r.......................
row = ~~~..cc.H.f....~~~~~~~~~~~~~~~~~r.....w.a......acH.wf.a..
row = ~~~.......a....~~~~~~~~~~~~~~~~~r.....w..........c.w.....
row = ~~~~..w........~~~~~~~~~~~~~~~~~r..............w...w.....
row = ~~~~........p~~~~~~~~~~~~~~~~~~~r..ww....................
row = ~~~~~~c......~~~~~~~~..P.~~~~~~~Pr..............c........
row = ~~~~~~.......~~~~~~~~....~~~~~~~.r.......................
row = ~~~~~~......~~~~~~~~.....~~~~~~~r........................
row = ~~~~~~~~~~~~~~~~~~~~..c..p~~~~~~.r....w....ww............
row = ~~~~~~~~~~~~~~~~~~~~.....~~~~~~~.r..c..................w.
row = ~~~~~~~~~~~~~~~~~~~~.....~~~~~~~.r..............c......w.
row = ~~~~~~~~~~~~~~~~~~~~~....~~~~~~~..r..........w...........
row = ~~~~~~~~~~~~~~~~~~~~~~~~~~~~~~~~..r.......c..............
row = ~~~~~~~~~~~~~~~~~~~~~~~~~~~~~~~~...rrw...................
row = ~~~~~~~~~~~~~~~~~~~~~~~~~~~~~~~~...rrw.......A...........
row = ~~~~~~~~~~~~~~~~~~~~~~~~~~~~~~~~...rr...................w
row = ~~~~~~~~~~~~~~~~~~~~~~~~~~~~~~~~.......................w.
row = ~~~~~~~~~~~~~~~~~~~~~~~~~~~~~~~~.........w.........w.....

[owners]
own = 5,17,0
own = 6,13,0
own = 6,17,0
own = 6,21,0
own = 8,17,0
own = 10,17,0
own = 10,18,0
own = 12,14,0
own = 12,20,0
own = 40,17,1
own = 47,17,1
own = 48,7,1
own = 48,17,1
own = 48,21,1
own = 48,26,1
own = 49,17,1
own = 49,18,1
own = 51,14,1
own = 52,13,1
own = 52,17,1
own = 54,14,1
own = 54,17,1

[units]
unit = 0,BATTLESHIP,15,17
unit = 0,BATTLESHIP,13,21
unit = 0,CARRIER,13,14
unit = 0,CRUISER,14,13
unit = 0,DESTROYER,14,20
unit = 0,DESTROYER,14,22
unit = 0,GUNBOAT,16,16
unit = 0,GUNBOAT,16,18
unit = 0,SUPPLY_SHIP,15,18
unit = 0,T_SHIP,15,16
unit = 0,T_SHIP,13,22
unit = 0,T_SHIP,13,24
unit = 0,FIGHTER,9,14
unit = 0,FIGHTER,10,14
unit = 0,DIVE_BOMBER,10,13
unit = 0,BOMBER,9,13
unit = 0,INFANTRY,8,18
unit = 0,INFANTRY,9,18
unit = 0,AT_INFANTRY,6,18
unit = 0,MECH_INF,6,20
unit = 0,TANK,8,20
unit = 0,TANK,9,17
unit = 0,AA_TANK,9,20
unit = 0,ARTILLERY,9,16
unit = 1,HTANK,48,16
unit = 1,TANK,47,16
unit = 1,AA_TANK,45,17
unit = 1,ARTILLERY,47,18
unit = 1,ROCKET,48,18
unit = 1,AT_INFANTRY,49,16
unit = 1,INFANTRY,48,14
unit = 1,AA_GUN,47,14
unit = 1,ARTILLERY,38,9
unit = 1,ROCKET,38,25
unit = 1,FIGHTER,49,14
unit = 1,BOMBER,49,13
unit = 1,HELI,48,13
unit = 1,DESTROYER,30,17
unit = 1,CRUISER,30,14
unit = 1,MISSILE_BOAT,30,16
