# c14 湾岸の要塞 - 東南の半島要塞を陸・海・空で囲む総力戦。
# 中央の山稜（隧路2本）と川（橋2本）が陸路を絞るので、
# 北の湾からの艦砲・上陸と航空優勢が初めて要塞を崩す。
[map]
name             = 湾岸の要塞
width            = 56
height           = 32
turns            = 120
timeout_winner   = -1
funds0           = 6000
funds1           = 6000

[terrain]
row = xxxxxxxxxxxxxxxxxxxxxxxxxxxxxxxxxxxxxxxxxxxxxxxxxxxxxxxx
row = xxxxxxxxxxxxxxxxxxxxxxxxxxxxxxxxxxxxxxxxxxxxxxxxxxxxxxxx
row = xxxxxxxxxxxxxxxxxxxxxxxxxxxx~xxxxxxxxxxxxxxxxxxxxxxxxxxx
row = xxxxxxxxxxxxxxxxxxx~~~.~~~~~~~~~~~~~~~xxxxxxxxxxxxxxxxxx
row = xxxxxxxxxxxxxxx~~~~~..w..~~~~~~~~~~~~~~~~~xxxxxxxxxxxxxx
row = xxxxxxxxxxxx.~~~~~~.wwcww.~~~~~~~~~~~~~~~~~~~xxxxxxxxxxx
row = xxxxxxxxxx...~~~~~~~..wa.~~~~~~~~~~~~~~~~~~~~~~xxxxxxxxx
row = xxxxxxxxc...p~~~~~~~~~.~~~~~~~~~~~~~~~~~~~~~~~~~~xxxxxxx
row = xxxxxxx......~~~~~~~~~~~~~~~~~~~~~~~~~~~~~~~~~~~~~xxxxxx
row = xxxxxx.......~~~~~~~~~~~~~~~~~~~~~~~~~~~~~~~~~~~~..xxxxx
row = xxxxx...w....p.h...........p~~~~~~~~.....h..~~~~.c..xxxx
row = xxxx..=wwcw.hhhhhhh........~~~~~~~~~...=hhh.~~~~~...~xxx
row = xxx..w=wwwwwhhhhhhhr......~~~~~~~~~~~..=chhh~~~~~~.~~~xx
row = xx...w=wawwwhhhhhhhr....c..~~~~~~~~~...=hhh.~~~~~~~~~~~x
row = xx..ww=wwwwww..h...r.......^...~.......=.h..~~~~~~~~~~~x
row = xx...w=wwwww.......r......^^^..........=...~~~~~~~~~~~~x
row = xx...f=wwwww.......r......^^^..........=.~~~~~~~~~~~~~~x
row = x....=======c======c=======c============~~~~~~~~~~~~~~~~
row = xx....=.w..........r......^^^...www....=.~~~~~~~~~~~~~~x
row = xx....=........w...r......^^^...www....=.p.~~~~~~~~~~~~x
row = xx..H.=......wwwww.r......^^^..wwcww...=....~~~~~~~~~~~x
row = xx....=..c..wwwwwwwr......^^^...www...c=...hp..........x
row = xxx...=......wwwww.c.....^^^^^..www....=.hhhhh........xx
row = xxxx.f=...w....w...r......^^^....w.....=hhhchhha.....xxx
row = xxxxx.=.awwww......r......^^^..........=hfhhhHhh.c..xxxx
row = xxxxxxcwwwwwww.....r......^^^....c.....=hhhhhhh....xxxxx
row = xxxxxxxwwwwwwww...........^^^..........=.hahhhf...xxxxxx
row = xxxxxxxx===================c====================.xxxxxxx
row = xxxxxxxxxxwww.............^^^...wwwwwww=w......xxxxxxxxx
row = xxxxxxxxxxxx..............^^^..wwwwwwww=ww..cxxxxxxxxxxx
row = xxxxxxxxxxxxxxx............^....wwwwwwwww.xxxxxxxxxxxxxx
row = xxxxxxxxxxxxxxxxxxx........^........w.xxxxxxxxxxxxxxxxxx

[owners]
own = 4,20,0
own = 12,7,0
own = 13,10,0
own = 8,13,0
own = 8,24,0
own = 5,16,0
own = 5,23,0
own = 9,11,0
own = 9,21,0
own = 6,25,0
own = 12,17,0
own = 8,7,0
own = 45,24,1
own = 44,21,1
own = 41,19,1
own = 47,23,1
own = 42,26,1
own = 46,26,1
own = 41,24,1
own = 49,24,1
own = 43,23,1
own = 40,12,1
own = 44,29,1
own = 38,21,1

[units]
unit = 0,INFANTRY,6,18
unit = 0,INFANTRY,6,22
unit = 0,AT_INFANTRY,8,16
unit = 0,MECH_INF,10,19
unit = 0,TANK,9,17
unit = 0,TANK,9,26
unit = 0,HTANK,7,20
unit = 0,ARTILLERY,5,18
unit = 0,ROCKET,4,22
unit = 0,AA_TANK,8,21
unit = 0,RECON,11,14
unit = 0,TRUCK,4,17
unit = 0,SUPPLY,4,23
unit = 0,BATTLESHIP,15,7
unit = 0,CARRIER,14,8
unit = 0,CRUISER,16,6
unit = 0,DESTROYER,15,9
unit = 0,DESTROYER,17,7
unit = 0,T_SHIP,14,6
unit = 0,T_SHIP,16,9
unit = 0,SUPPLY_SHIP,13,7
unit = 0,FIGHTER,8,12
unit = 0,FIGHTER,9,13
unit = 0,DIVE_BOMBER,8,25
unit = 0,SCOUT_PLANE,7,14
unit = 1,INFANTRY,44,23
unit = 1,INFANTRY,46,25
unit = 1,AT_INFANTRY,43,22
unit = 1,MECH_INF,47,26
unit = 1,TANK,42,25
unit = 1,HTANK,45,26
unit = 1,ARTILLERY,46,22
unit = 1,ROCKET,48,25
unit = 1,AA_GUN,43,20
unit = 1,AA_GUN,46,21
unit = 1,AA_TANK,41,26
unit = 1,MILITIA,40,22
unit = 1,MILITIA,39,13
unit = 1,BATTLESHIP,47,18
unit = 1,CRUISER,45,17
unit = 1,DESTROYER,44,19
unit = 1,DESTROYER,48,16
unit = 1,GUNBOAT,43,18
unit = 1,SUBMARINE,46,14
unit = 1,T_SHIP,45,20
unit = 1,FIGHTER,47,24
unit = 1,FIGHTER,42,27
unit = 1,BOMBER,46,27
unit = 1,HELI,44,24
