# f01 四面楚歌 - 5陣営の乱戦。陣営0が中央の砦、陣営1..4が四方。
# **全陣営が独立**しており、四方の4陣営同士も戦う。
# 中央は囲まれているが、周りがぶつかり合うのを待てるのが強み。
# 人間は中央（陣営0）を想定した配分だが、フリー対戦なので設定で変えられる。
#
# 中央は山の環で囲い、門を四方に1つずつ（幅2）開けてある。
# 開けた盤面だと4方向から同時に殴られて中央は何をしても保たない
# （4陣営が同盟していた版では実測5ターンで陥落した）。
# 門で受けられる形にして初めて成立する。
# 中央の資金だけ少し多い（4500 対 2600x4）。
# 収入は 中央1050 対 四方1000x4。中央は砦に籠もれるぶん、地力では大きく劣る。
[map]
name             = 四面楚歌
width            = 52
height           = 34
turns            = 60
timeout_winner   = -1
funds0           = 4500
funds1           = 2600
funds2           = 2600
funds3           = 2600
funds4           = 2600

[terrain]
row = xxxxxxxxxxxxxxxxxxxxxxxxxxxxxxxxxxxxxxxxxxxxxxxxxxxx
row = xxxxxxxxxxxxxxxxxxxxxxxxxxxxxxxxxxxxxxxxxxxxxxxxxxxx
row = xxxxxxxx..................c.................xxxxxxxx
row = xxxxx..........................................xxxxx
row = xxxx..................c.f.H.f.c.................xxxx
row = xxx..............................................xxx
row = xxx.......................c......................xxx
row = xxx................w.............w...............xxx
row = xx...............wwwww.........wwwww..............xx
row = xx..............wwwwwww.......wwwwwww.............xx
row = xx...........w...wwwww.........wwwww...w..........xx
row = xx.........wwwww...w......=......w...wwwww........xx
row = xx........wwwwwww.....^^^^==^^^.....wwwwwww.......xx
row = xx.........wwwww....^^^hhhhh..^^^....wwwww........xx
row = xx...........w.....^^hhhhh......^^.....w..........xx
row = xxc.c.............^^..h......chhh^^............c.cxx
row = xx................^^....f.......h^^...............xx
row = xxf.H.f.c........==..c....H....c..==.......c.f.H.fxx
row = xx................==h.......a....==...............xx
row = xx..c.............^^hhhc.......h.^^............c..xx
row = xx...........w.....^^.......hhhh^^.....w..........xx
row = xx.........wwwww....^^^..chhhh^^^....wwwww........xx
row = xx........wwwwwww.....^^^^==^^^.....wwwwwww.......xx
row = xx.........wwwww...w......=......w...wwwww........xx
row = xx...........w...wwwww.........wwwww...w..........xx
row = xx..............wwwwwww.......wwwwwww.............xx
row = xxx..............wwwww.........wwwww.............xxx
row = xxx................w......c......w...............xxx
row = xxx..............................................xxx
row = xxxx..................c.f.H.f.c.................xxxx
row = xxxxx..........................................xxxxx
row = xxxxxxxx..................c.................xxxxxxxx
row = xxxxxxxxxxxxxxxxxxxxxxxxxxxxxxxxxxxxxxxxxxxxxxxxxxxx
row = xxxxxxxxxxxxxxxxxxxxxxxxxxxxxxxxxxxxxxxxxxxxxxxxxxxx

[owners]
own = 26,17,0
own = 24,16,0
own = 28,18,0
own = 23,19,0
own = 29,15,0
own = 21,17,0
own = 31,17,0
own = 25,21,0
own = 26,4,1
own = 28,4,1
own = 24,4,1
own = 30,4,1
own = 22,4,1
own = 26,6,1
own = 26,2,1
own = 47,17,2
own = 49,17,2
own = 45,17,2
own = 49,15,2
own = 43,17,2
own = 47,19,2
own = 47,15,2
own = 26,29,3
own = 28,29,3
own = 24,29,3
own = 30,29,3
own = 22,29,3
own = 26,31,3
own = 26,27,3
own = 4,17,4
own = 6,17,4
own = 2,17,4
own = 8,17,4
own = 2,15,4
own = 4,19,4
own = 4,15,4

[units]
unit = 0,HTANK,26,17
unit = 0,HTANK,25,16
unit = 0,TANK,26,16
unit = 0,TANK,27,16
unit = 0,ARTILLERY,25,17
unit = 0,ROCKET,27,17
unit = 0,AA_TANK,25,18
unit = 0,MECH_INF,26,18
unit = 0,MECH_INF,27,18
unit = 0,INFANTRY,24,15
unit = 0,INFANTRY,25,15
unit = 0,AT_INFANTRY,26,15
unit = 0,SUPPLY,27,15
unit = 0,FIGHTER,26,17
unit = 1,TANK,26,4
unit = 1,TANK,25,3
unit = 1,LTANK,26,3
unit = 1,ARTILLERY,27,3
unit = 1,AT_INFANTRY,25,4
unit = 1,MECH_INF,27,4
unit = 1,INFANTRY,25,5
unit = 2,TANK,47,17
unit = 2,TANK,46,16
unit = 2,LTANK,47,16
unit = 2,ARTILLERY,48,16
unit = 2,AT_INFANTRY,46,17
unit = 2,MECH_INF,48,17
unit = 2,INFANTRY,46,18
unit = 3,TANK,26,29
unit = 3,TANK,25,28
unit = 3,LTANK,26,28
unit = 3,ARTILLERY,27,28
unit = 3,AT_INFANTRY,25,29
unit = 3,MECH_INF,27,29
unit = 3,INFANTRY,25,30
unit = 4,TANK,4,17
unit = 4,TANK,3,16
unit = 4,LTANK,4,16
unit = 4,ARTILLERY,5,16
unit = 4,AT_INFANTRY,3,17
unit = 4,MECH_INF,5,17
unit = 4,INFANTRY,3,18
