# f03 群狼の海 - 海だけのマップ。艦船しか出せない。
# **占領できるのは陸ユニットだけ**なので、この盤面では誰も拠点を取れない。
# 拠点は最初から持っている港と泊地だけ、決着は全滅のみ。首都も置いていない。
# 潜水艦は対潜持ち（駆逐艦）でしか叩けないので、護衛の配置が要になる。
# 岩礁は進入不可で、艦隊の機動を縛る。180度回転対称。
[map]
name             = 群狼の海
width            = 46
height           = 30
turns            = 70
timeout_winner   = -1
funds0           = 4000
funds1           = 4000

[terrain]
row = xxxxxxxxxxxxxxxxxxxxxxxxxxxxxxxxxxxxxxxxxxxxxx
row = xxxx~~~~~~~~~~~~~~~~~~~~~~~~~~~~~~~~~~~~~~xxxx
row = xx~~~~~~~~~~~~~~~~~~~~~~~~~~~~~~~~~~~~~~~~~~xx
row = xx~~~~~~~~~~~~~~~~~~~~~~~~~~~~~~~~~~~~~~~~~~xx
row = x~~~~~~~~~~~~~~~~~~~~~~~~~~~~~~~~~~~~~~~~~~~~x
row = x~~~~~~~~~~~~~~~~~~~~~~~~~~~~~~~~~~~~~~~~~~~~x
row = x~~~~~~~~~~~~~~~~~~~~~~^~~~~~~~~~~~~~~~~~~~~~x
row = x~~~~~~~~~~~~~~~~~~~~^^^^^~~~~~~~~~~~~~~~~~~~x
row = x~~~~~~~~~~~~~~~~~~~^^^^^^^~~~~~~~~~~~~~~~~~~x
row = x~~~~~~~~~~~~~~~~~~~~^^^^^~~~~~~~~~~~~~~~~~~~x
row = x~~~~~~~~~~~~~~~~~~~~~~^~~~~~~~~~~~~~~~~~~~~~x
row = x~~~~~~~~~~~~~~~~~~~~~~~~~~~~~~~~~~~~~~~~P~~~x
row = x~~~p~~~~~~~~~~~~~~~~~~~~~~~~~~~~~~~~~~~~~~~~x
row = x~~~~~~~~~~~~~^~~~~~~~~~~~~~~~~~^~~~~~~~~~~~~x
row = x~~~~~~~~~~~~^^^~~~~~~~^~~~~~~~^^^~~~~~~~~~~~x
row = x~~~~~~~~~~~^^^~~~~~~~^~~~~~~~^^^~~~~~~~~~~~~x
row = x~~~~~~~~~~~~^~~~~~~~~~~~~~~~~~^~~~~~~~~~~~~~x
row = x~~~~~~~~~~~~~~~~~~~~~~~~~~~~~~~~~~~~~~~~p~~~x
row = x~~~P~~~~~~~~~~~~~~~~~~~~~~~~~~~~~~~~~~~~~~~~x
row = x~~~~~~~~~~~~~~~~~~~~~^~~~~~~~~~~~~~~~~~~~~~~x
row = x~~~~~~~~~~~~~~~~~~~^^^^^~~~~~~~~~~~~~~~~~~~~x
row = x~~~~~~~~~~~~~~~~~~^^^^^^^~~~~~~~~~~~~~~~~~~~x
row = x~~~~~~~~~~~~~~~~~~~^^^^^~~~~~~~~~~~~~~~~~~~~x
row = x~~~~~~~~~~~~~~~~~~~~~^~~~~~~~~~~~~~~~~~~~~~~x
row = x~~~~~~~~~~~~~~~~~~~~~~~~~~~~~~~~~~~~~~~~~~~~x
row = x~~~~~~~~~~~~~~~~~~~~~~~~~~~~~~~~~~~~~~~~~~~~x
row = xx~~~~~~~~~~~~~~~~~~~~~~~~~~~~~~~~~~~~~~~~~~xx
row = xx~~~~~~~~~~~~~~~~~~~~~~~~~~~~~~~~~~~~~~~~~~xx
row = xxxx~~~~~~~~~~~~~~~~~~~~~~~~~~~~~~~~~~~~~~xxxx
row = xxxxxxxxxxxxxxxxxxxxxxxxxxxxxxxxxxxxxxxxxxxxxx

[owners]
own = 4,12,0
own = 41,17,1
own = 4,18,0
own = 41,11,1

[units]
unit = 0,BATTLESHIP,6,15
unit = 1,BATTLESHIP,39,14
unit = 0,CRUISER,5,14
unit = 1,CRUISER,40,15
unit = 0,DESTROYER,6,14
unit = 1,DESTROYER,39,15
unit = 0,DESTROYER,7,14
unit = 1,DESTROYER,38,15
unit = 0,GUNBOAT,5,15
unit = 1,GUNBOAT,40,14
unit = 0,MISSILE_BOAT,7,15
unit = 1,MISSILE_BOAT,38,14
unit = 0,SUBMARINE,5,16
unit = 1,SUBMARINE,40,13
unit = 0,SUBMARINE,6,16
unit = 1,SUBMARINE,39,13
unit = 0,SUPPLY_SHIP,7,16
unit = 1,SUPPLY_SHIP,38,13
