# m02 運河の対岸 - 斜めに向き合う双子島。中間の環礁が要衝
[map]
name = 運河の対岸
width  = 49
height = 34
turns  = 125
timeout_winner = -1
funds0 = 2600
funds1 = 2600

[terrain]
row = ~~~~~~~~~~~~~~~~~~~~~~~~~~~~~~~~~~~~~~~~~~~~~~~~~
row = ~~~~~~~~~~~~~~~~~~~~~~~~~~~~~~~~~~~~~~~~~~~~~~~~~
row = ~~~~~~~~...........w..~~~~~~~~~~~~~~~~~~~~~~~~~~~
row = ~~~~~~~~................~~~~~~~~~~~~~~~~~~~~~~~~~
row = ~~~~~~~........w........~~~~~~~~~~~~~~~~~~~~~~~~~
row = ~~~~~~~........w........~~~~~~~~~~~~~~~~~~~~~~~~~
row = ~~~~~~~..................~~~~~~~~~~~~~~~~~~~~~~~~
row = ~~~~~~......f............~~~~~~~~~~~~~~~~~~~~~~~~
row = ~~~~~~.w..c.c..c.........~~~~~~~~~~~~~~~~~~~~~~~~
row = ~~~~~~.w.fa.Hc...........~~~~~~~~~~~~~~~~~~~~~~~~
row = ~~~~..w.................~~~~~~~~~~~~~~~~~~~~~~~~~
row = ~~~~.........ww.........~~~~~~~~~~~~~~~~~~~~~~~~~
row = ~~~~ww.......a........~~~~~~~~~~~~~~~~~~~~~~~~~~~
row = ~~~~ww................~~~~~~~~~~~~~~~~~~~~~~~~~~~
row = ~~~~~~ww..............~~..p.~~~~~~~~~~~~~~~~~~~~~
row = ~~~~~~w........w....w~......~~........ww~~~~~~~~~
row = ~~~~~~~......ww.....p~..c....~.........www~~~~~~~
row = ~~~~~~~...w........w~~......~p............~~~~~~~
row = ~~~~~~~...w........w~~......~.............~~~~~~~
row = ~~~~~~~~.....ww.....~~~~....~w.............~~~~~~
row = ~~~~~~~~........w..~~~~~~~~~..w...w...w.ww.~~~~~~
row = ~~~~~~~~~~~~~~~~~~~~~~~~~~~~........c.......~~~~~
row = ~~~~~~~~~~~~~~~~~~~~~~~~~~~~................~~~~~
row = ~~~~~~~~~~~~~~~~~~~~~~~~~~....w......w......~~~~~
row = ~~~~~~~~~~~~~~~~~~~~~~~~~~..........c..c...w..~~~
row = ~~~~~~~~~~~~~~~~~~~~~~~~~~.........aH..c....~~~~~
row = ~~~~~~~~~~~~~~~~~~~~~~~~~~........f....fa...~~~~~
row = ~~~~~~~~~~~~~~~~~~~~~~~~~~..................~~~~~
row = ~~~~~~~~~~~~~~~~~~~~~~~~~..................~~~~~~
row = ~~~~~~~~~~~~~~~~~~~~~~~~~~.................~~~~~~
row = ~~~~~~~~~~~~~~~~~~~~~~~~~~.................~~~~~~
row = ~~~~~~~~~~~~~~~~~~~~~~~~~~................~~~~~~~
row = ~~~~~~~~~~~~~~~~~~~~~~~~~~~~..............~~~~~~~
row = ~~~~~~~~~~~~~~~~~~~~~~~~~~~~............~~~~~~~~~

[owners]
own = 12,9,0
own = 9,9,0
own = 12,7,0
own = 12,8,0
own = 10,8,0
own = 13,9,0
own = 15,8,0
own = 13,12,0
own = 10,9,0
own = 36,25,1
own = 34,26,1
own = 39,26,1
own = 36,21,1
own = 39,24,1
own = 36,24,1
own = 39,25,1
own = 35,25,1
own = 40,26,1
own = 20,16,0
own = 29,17,1

[units]
unit = 0,INFANTRY,14,10
unit = 1,INFANTRY,34,24
unit = 0,INFANTRY,15,10
unit = 1,INFANTRY,35,24
unit = 0,AT_INFANTRY,14,9
unit = 1,AT_INFANTRY,34,22
unit = 0,TANK,13,10
unit = 1,TANK,32,22
unit = 0,RECON,14,12
unit = 1,RECON,32,24
unit = 0,BATTLESHIP,21,17
unit = 0,DESTROYER,20,18
unit = 0,SUBMARINE,15,21
unit = 0,MISSILE_BOAT,22,14
unit = 1,BATTLESHIP,28,14
unit = 1,DESTROYER,29,16
unit = 1,SUBMARINE,34,12
unit = 1,MISSILE_BOAT,28,17
