# m03 群島の海戦 - 盤面の7割が海。中央の群島の港を奪い制海権を握る
[map]
name = 群島の海戦
width  = 52
height = 34
turns  = 130
timeout_winner = -1
funds0 = 4500
funds1 = 4500

[terrain]
row = ~~~~~~~~~~~~~~~~~~~~~~~~~~~~~~~~~~~~~~~~~~~~~~~~~~~~
row = ~~~~~~~~~~~~~~~~~~~~~~~~~~~~~~~~~~~~~~~~~~~~~~~~~~~~
row = ~~~~~~~~~~~~~~~~~~~~~~~~~~~~~~~~~~~~~~~~~~~~~~~~~~~~
row = ~~~~~~~~~~~~~~~~~~~....~~~~~~~~~....~~~~~~~~~~~~~~~~
row = ~~~~~~~~~~~~~~~~~......~~~~~~~......~~~~~~~~~~~~~~~~
row = ~~~~~~~~~~~~~~~~~.....p~~~~~~~.....p~~~~~~~~~~~~~~~~
row = ~~~~~~~~~~~~~~~~~..w....~~~~~~.......~~~~~~~~~~~~~~~
row = ~~~~~~~~~~~~~~~~~......~~~~~~~......~~~~~~~~~~~~~~~~
row = ~~~~~~~~~~~~~~~~~~~....~~~~~~~~~....~~~~~~~~~~~~~~~~
row = ~~~~~~~~~~~~~~~~~~~....~~~~~~~~~....~~~~~~~~~~~~~~~~
row = ~~~~~~~~~~~~~~~~~~~~~~~~~.a.~~~~~~~~~~~~~~~~~~~~~~~~
row = ~~~~~~~~~~~~~~~~~~~~~~~~~....~~~~~~~~~~~~~~~~~~~~~~~
row = ~~~~.......~~~~~~~~~~~~~~...~~~~~~~~~~~~~~.......~~~
row = ~~~~.......~~~~~~~~~~~~~~...~~~~~~~~~~~~~~p......~~~
row = ~~~~.ac....p~~~~~~~~~~~~~.....~~~~~~~~~~~~c...w...~~
row = ~~~.........~~~~~~~~~~~~......~~~~~~~~~~~.........~~
row = ~~~.c..wc....~~~~~~~~~~~.....wp.~~~~~~~~~.fca......~
row = ~~..f.H......~~~~~~~~~~.......ww~~~~~~~..w..H.c...w~
row = ~~...........~~~~~~~~~~...c...ww~~~~~~~..w........w~
row = ~~~.....ww...~~~~~~~~~~~........~~~~~~~~~..........~
row = ~~~........p~~~~~~~~~~~~......~~~~~~~~~~~w.ww.....~~
row = ~~~~........~~~~~~~~~~~~~.....~~~~~~~~~~~~p.......~~
row = ~~~~........~~~~~~~~~~~~~.....~~~~~~~~~~~~........~~
row = ~~~~.......~~~~~~~~~~~~~~...~~~~~~~~~~~~~~....w..~~~
row = ~~~~~~~~~~~~~~~~~~~~~~~~~.a..~~~~~~~~~~~~~~~~~~~~~~~
row = ~~~~~~~~~~~~~~~~~~~~~~~~~...~~~~~~~~~~~~~~~~~~~~~~~~
row = ~~~~~~~~~~~~~~~~~~~~~~~~~...~~~~~~~~~~~~~~~~~~~~~~~~
row = ~~~~~~~~~~~~~~~~~~~....~~~~~~~~~....~~~~~~~~~~~~~~~~
row = ~~~~~~~~~~~~~~~~~......~~~~~~~www...~~~~~~~~~~~~~~~~
row = ~~~~~~~~~~~~~~~~~..w..p.~~~~~~.....p.~~~~~~~~~~~~~~~
row = ~~~~~~~~~~~~~~~~~..w....~~~~~~.......~~~~~~~~~~~~~~~
row = ~~~~~~~~~~~~~~~~~......~~~~~~~......~~~~~~~~~~~~~~~~
row = ~~~~~~~~~~~~~~~~~~~....~~~~~~~~~....~~~~~~~~~~~~~~~~
row = ~~~~~~~~~~~~~~~~~~~~~~~~~~~~~~~~~~~~~~~~~~~~~~~~~~~~

[owners]
own = 6,17,0
own = 4,17,0
own = 6,14,0
own = 4,16,0
own = 8,16,0
own = 5,14,0
own = 44,17,1
own = 42,16,1
own = 43,16,1
own = 42,14,1
own = 46,17,1
own = 44,16,1
own = 11,14,0
own = 11,20,0
own = 42,13,1
own = 42,21,1

[units]
unit = 0,BATTLESHIP,13,17
unit = 1,BATTLESHIP,39,16
unit = 0,CARRIER,12,14
unit = 1,CARRIER,39,20
unit = 0,CRUISER,12,20
unit = 1,CRUISER,39,14
unit = 0,DESTROYER,13,13
unit = 1,DESTROYER,38,21
unit = 0,DESTROYER,13,21
unit = 1,DESTROYER,38,13
unit = 0,SUBMARINE,14,17
unit = 1,SUBMARINE,36,17
unit = 0,MISSILE_BOAT,14,12
unit = 1,MISSILE_BOAT,36,22
unit = 0,GUNBOAT,14,22
unit = 1,GUNBOAT,36,12
unit = 0,SUPPLY_SHIP,13,18
unit = 1,SUPPLY_SHIP,40,13
unit = 0,T_SHIP,12,21
unit = 1,T_SHIP,40,12
unit = 0,FIGHTER,9,16
unit = 1,FIGHTER,43,18
unit = 0,DIVE_BOMBER,8,14
unit = 1,DIVE_BOMBER,44,18
unit = 0,INFANTRY,6,18
unit = 1,INFANTRY,46,16
unit = 0,INFANTRY,8,18
unit = 1,INFANTRY,44,14
unit = 0,AT_INFANTRY,5,17
unit = 1,AT_INFANTRY,43,14
