# m04 三層の要衝 - 中央の海峡で空・海面・海中が同じセルに重なる立体戦
[map]
name   = 三層の要衝
width  = 44
height = 28
turns  = 100
timeout_winner = -1
funds0 = 3400
funds1 = 3400

[terrain]
row = ...........h.......~~~~~~~.....h............
row = .w...ww....h.......~~~~~~~..................
row = .....h..~~~~w......~~~~~~~...........h....w.
row = .......~~~~~.......~~~~~~~......^^^^^....w..
row = .......~~~~~~p....w~~~~~~~......^^^^^^......
row = ....w.~~~~~~~p..ww.~~~~~~~p....^^^^^^^......
row = w......~~~~~~...ww.~~~~~~~....w^^^..^^^h...w
row = ....w..~~~~~..w....h.c..h.....^^^...^^^.h...
row = ........~~~~.h..........wh.....^^^h.^^^.....
row = ...................~~~~~~~...h.^^^^^^^...w..
row = h...w..w.......w...~~~~~~~......^^^^^^......
row = w..................~~~~~~~......^^^^^c......
row = .......ca..........~~~~~~~....h.....a.h.....
row = w....H.fw.....h...p~~~~~~~a......h....H.....
row = .w.w.caf........ww.~~~~~~~.........c.cc.....
row = ..h..w.............~~~~~~~...........wff....
row = ...wcc.^^^^^.......~~~~~~~............a.....
row = ......^^^^^^.......~~~~~~~.......h..w.......
row = ......^^^^^^^.h....~~~~~~~...........w.w...w
row = .....^^^..^^^.........cw.h......~~~~....h...
row = ....h^^^...^^^.h...p..w...p.....~~~~~.......
row = .h...^^^.w^^^.w....~~~~~~~....w~~~~~~.......
row = .....w^^^^^^^..w.w.~~~~~~~w...w~~~~~~~p..h..
row = ...h..^^^^^^.....w.~~~~~~~..h..~~~~~~.......
row = .......^^^^^.h...ww~~~~~~~......~~~~~.......
row = ....w....h.....ww..~~~~~~~......~~~~w.wh...w
row = wh...........w..w..~~~~~~~........hw........
row = .h.h....w.......w..~~~~~~~..............h...

[owners]
own = 5,13,0
own = 7,14,0
own = 7,13,0
own = 5,14,0
own = 5,16,0
own = 7,12,0
own = 4,16,0
own = 8,12,0
own = 6,14,0
own = 38,13,1
own = 38,15,1
own = 39,15,1
own = 37,11,1
own = 38,14,1
own = 37,14,1
own = 35,14,1
own = 36,12,1
own = 38,16,1
own = 13,5,0
own = 19,20,0
own = 26,5,1
own = 26,20,1

[units]
unit = 0,INFANTRY,8,13
unit = 1,INFANTRY,36,13
unit = 0,INFANTRY,6,13
unit = 1,INFANTRY,37,13
unit = 0,AT_INFANTRY,8,14
unit = 1,AT_INFANTRY,37,12
unit = 0,TANK,9,13
unit = 1,TANK,35,13
unit = 0,AA_TANK,9,12
unit = 1,AA_TANK,36,14
unit = 0,ARTILLERY,9,14
unit = 1,ARTILLERY,38,12
unit = 0,SUPPLY,8,11
unit = 1,SUPPLY,35,12
unit = 0,DESTROYER,10,5
unit = 0,SUBMARINE,10,5
unit = 0,FIGHTER,10,5
unit = 1,DESTROYER,33,22
unit = 1,SUBMARINE,33,22
unit = 1,FIGHTER,33,22
unit = 0,CRUISER,19,6
unit = 1,CRUISER,32,19
unit = 0,T_SHIP,20,6
unit = 1,T_SHIP,25,21
unit = 0,GUNBOAT,12,5
unit = 1,GUNBOAT,31,21
unit = 0,HELI,14,6
unit = 1,HELI,29,20
unit = 0,T_PLANE,5,11
unit = 1,T_PLANE,39,14
