# test_arena - 単体テスト専用の固定マップ（変更禁止: test_core.c が座標に依存）
[map]
name   = テスト用アリーナ
width  = 32
height = 22
turns  = 80
timeout_winner = -1
funds0 = 1700
funds1 = 1700

[terrain]
row = wwww............^^^^.........www
row = wwww............^^^^.........www
row = wwww...........^^^^^...........w
row = wwww..........c^^^^^...........w
row = ................^^..............
row = ..c..a..........^^........a..c..
row = ................^^..............
row = .......w......hhha......ww......
row = ...f.........www..........f.....
row = ..c..........www...........c....
row = .....==.........ww.....=........
row = ..H.a=======================.H.a
row = .....=======================....
row = ..c..==........aww.....=...c....
row = ...f.==.........ww.....=..f.....
row = .............www....hh..........
row = .......w......c.........ww......
row = ..c....w................ww.c....
row = ................rr..............
row = wwww...........rrr.............w
row = wwww...........rrr.............w
row = wwwww........rrr.............www

[owners]
own = 2,11,0
own = 29,11,1
own = 5,5,0
own = 26,5,1
own = 3,8,0
own = 26,8,1
own = 3,14,0
own = 26,14,1
own = 2,5,0
own = 29,5,1
own = 2,9,0
own = 27,9,1
own = 2,13,0
own = 27,13,1
own = 2,17,0
own = 27,17,1

own = 4,11,0
own = 31,11,1
[units]
unit = 0,INFANTRY,3,9
unit = 0,INFANTRY,3,13
unit = 0,RECON,5,11
unit = 0,TANK,6,11
unit = 0,ARTILLERY,3,11
unit = 1,INFANTRY,26,9
unit = 1,INFANTRY,26,13
unit = 1,RECON,26,11
unit = 1,TANK,24,11
unit = 1,ARTILLERY,27,11
